../Core/Src/main.c:96:7:Set_LED_struct	16	static
../Core/Src/main.c:101:7:Set_LED	16	static
../Core/Src/main.c:111:8:Set_Brightness	40	static
../Core/Src/main.c:131:8:WS2812_Send	32	static
../Core/Src/main.c:170:8:HAL_TIM_PWM_PulseFinishedCallback	16	static
../Core/Src/main.c:176:8:Shift	16	static
../Core/Src/main.c:191:8:shiftActive	16	static
../Core/Src/main.c:206:5:main	40	static
../Core/Src/main.c:352:6:SystemClock_Config	120	static
../Core/Src/main.c:399:13:MX_TIM1_Init	112	static
../Core/Src/main.c:479:13:MX_USART2_UART_Init	8	static
../Core/Src/main.c:512:13:MX_DMA_Init	16	static
../Core/Src/main.c:530:13:MX_GPIO_Init	48	static
../Core/Src/main.c:578:6:Error_Handler	4	static,ignoring_inline_asm
