../Core/Src/main.c:100:7:Set_LED_struct	16	static
../Core/Src/main.c:105:7:Set_LED	16	static
../Core/Src/main.c:115:8:Set_Brightness	40	static
../Core/Src/main.c:135:8:WS2812_Send	32	static
../Core/Src/main.c:174:8:HAL_TIM_PWM_PulseFinishedCallback	16	static
../Core/Src/main.c:180:8:Shift	16	static
../Core/Src/main.c:195:8:shiftActive	16	static
../Core/Src/main.c:210:5:main	40	static
../Core/Src/main.c:358:6:SystemClock_Config	120	static
../Core/Src/main.c:405:13:MX_SPI3_Init	8	static
../Core/Src/main.c:445:13:MX_TIM1_Init	112	static
../Core/Src/main.c:525:13:MX_USART2_UART_Init	8	static
../Core/Src/main.c:558:13:MX_DMA_Init	16	static
../Core/Src/main.c:576:13:MX_GPIO_Init	48	static
../Core/Src/main.c:624:6:Error_Handler	4	static,ignoring_inline_asm
